[Fri Jun 05 22:58:26 2026]Creado el job numero: 1 de categoria premium
[Fri Jun 05 22:58:26 2026]Job numero: 0 encolado con exito
[Fri Jun 05 22:58:26 2026]Creado el job numero: 2 de categoria premium
[Fri Jun 05 22:58:26 2026]Job numero: 1 encolado con exito
[Fri Jun 05 22:58:26 2026]Creado el job numero: 3 de categoria premium
[Fri Jun 05 22:58:26 2026]Job numero: 2 encolado con exito
[Fri Jun 05 22:58:26 2026]Creado el job numero: 4 de categoria premium
[Fri Jun 05 22:58:26 2026]Job numero: 3 encolado con exito
[Fri Jun 05 22:58:26 2026]Creado el job numero: 5 de categoria premium
[Fri Jun 05 22:58:26 2026]Job numero: 4 encolado con exito
[Fri Jun 05 22:58:26 2026]Creado el job numero: 6 de categoria premium
[Fri Jun 05 22:58:26 2026]Job premium numero 0 asignado a la vram con exito
[Fri Jun 05 22:58:26 2026]Job numero: 5 encolado con exito
[Fri Jun 05 22:58:26 2026]Creado el job numero: 7 de categoria premium
[Fri Jun 05 22:58:26 2026]Job numero: 6 encolado con exito
[Fri Jun 05 22:58:26 2026]Creado el job numero: 8 de categoria premium
[Fri Jun 05 22:58:26 2026]Job numero: 7 encolado con exito
[Fri Jun 05 22:58:26 2026]Creado el job numero: 9 de categoria premium
[Fri Jun 05 22:58:26 2026]Job numero: 8 encolado con exito
[Fri Jun 05 22:58:26 2026]Creado el job numero: 10 de categoria premium
[Fri Jun 05 22:58:26 2026]Job premium numero 1 asignado a la vram con exito
[Fri Jun 05 22:58:26 2026]Job numero: 9 encolado con exito
[Fri Jun 05 22:58:26 2026]Creado el job numero: 11 de categoria free
[Fri Jun 05 22:58:26 2026]Job numero: 10 encolado con exito
[Fri Jun 05 22:58:26 2026]Creado el job numero: 12 de categoria free
[Fri Jun 05 22:58:26 2026]Job numero: 11 encolado con exito
[Fri Jun 05 22:58:26 2026]Creado el job numero: 13 de categoria free
[Fri Jun 05 22:58:26 2026]Job numero: 12 encolado con exito
[Fri Jun 05 22:58:26 2026]Creado el job numero: 14 de categoria free
[Fri Jun 05 22:58:26 2026]Job premium numero 2 asignado a la vram con exito
[Fri Jun 05 22:58:26 2026]Job numero: 13 encolado con exito
[Fri Jun 05 22:58:26 2026]Creado el job numero: 15 de categoria free
[Fri Jun 05 22:58:26 2026]Job numero: 14 encolado con exito
[Fri Jun 05 22:58:26 2026]Creado el job numero: 16 de categoria free
[Fri Jun 05 22:58:26 2026]Job numero: 15 encolado con exito
[Fri Jun 05 22:58:26 2026]Creado el job numero: 17 de categoria free
[Fri Jun 05 22:58:26 2026]Se termino de procesar el job numero 0 con exito
[Fri Jun 05 22:58:26 2026]Job numero: 16 encolado con exito
[Fri Jun 05 22:58:26 2026]Creado el job numero: 18 de categoria free
[Fri Jun 05 22:58:26 2026]Job numero: 17 encolado con exito
[Fri Jun 05 22:58:26 2026]Creado el job numero: 19 de categoria free
[Fri Jun 05 22:58:26 2026]Job numero: 18 encolado con exito
[Fri Jun 05 22:58:26 2026]Creado el job numero: 20 de categoria free
[Fri Jun 05 22:58:26 2026]Job numero: 19 encolado con exito
[Fri Jun 05 22:58:26 2026]Creado el job numero: 21 de categoria free
[Fri Jun 05 22:58:26 2026]Job premium numero 3 asignado a la vram con exito
[Fri Jun 05 22:58:26 2026]Job numero: 20 encolado con exito
[Fri Jun 05 22:58:26 2026]Creado el job numero: 22 de categoria free
[Fri Jun 05 22:58:26 2026]Job numero: 21 encolado con exito
[Fri Jun 05 22:58:26 2026]Creado el job numero: 23 de categoria free
[Fri Jun 05 22:58:26 2026]Job numero: 22 encolado con exito
[Fri Jun 05 22:58:26 2026]Creado el job numero: 24 de categoria free
[Fri Jun 05 22:58:26 2026]Job numero: 23 encolado con exito
[Fri Jun 05 22:58:26 2026]Creado el job numero: 25 de categoria free
[Fri Jun 05 22:58:26 2026]Job premium numero 4 asignado a la vram con exito
[Fri Jun 05 22:58:26 2026]Job numero: 24 encolado con exito
[Fri Jun 05 22:58:26 2026]Creado el job numero: 26 de categoria free
[Fri Jun 05 22:58:26 2026]Job numero: 25 encolado con exito
[Fri Jun 05 22:58:26 2026]Creado el job numero: 27 de categoria free
[Fri Jun 05 22:58:26 2026]Se termino de procesar el job numero 1 con exito
[Fri Jun 05 22:58:26 2026]Job numero: 26 encolado con exito
[Fri Jun 05 22:58:26 2026]Creado el job numero: 28 de categoria free
[Fri Jun 05 22:58:26 2026]Job numero: 27 encolado con exito
[Fri Jun 05 22:58:26 2026]Creado el job numero: 29 de categoria free
[Fri Jun 05 22:58:26 2026]Job numero: 28 encolado con exito
[Fri Jun 05 22:58:26 2026]Creado el job numero: 30 de categoria free
[Fri Jun 05 22:58:26 2026]Se termino de procesar el job numero 2 con exito
[Fri Jun 05 22:58:26 2026]Job numero: 29 encolado con exito
[Fri Jun 05 22:58:26 2026]Creado el job numero: 31 de categoria free
[Fri Jun 05 22:58:26 2026]Job numero: 30 encolado con exito
[Fri Jun 05 22:58:26 2026]Creado el job numero: 32 de categoria free
[Fri Jun 05 22:58:26 2026]Job numero: 31 encolado con exito
[Fri Jun 05 22:58:26 2026]Creado el job numero: 33 de categoria free
[Fri Jun 05 22:58:26 2026]Job numero: 32 encolado con exito
[Fri Jun 05 22:58:26 2026]Creado el job numero: 34 de categoria free
[Fri Jun 05 22:58:26 2026]Job premium numero 5 asignado a la vram con exito
[Fri Jun 05 22:58:26 2026]Job numero: 33 encolado con exito
[Fri Jun 05 22:58:26 2026]Creado el job numero: 35 de categoria free
[Fri Jun 05 22:58:26 2026]Job numero: 34 encolado con exito
[Fri Jun 05 22:58:26 2026]Creado el job numero: 36 de categoria free
[Fri Jun 05 22:58:26 2026]Job numero: 35 encolado con exito
[Fri Jun 05 22:58:26 2026]Creado el job numero: 37 de categoria free
[Fri Jun 05 22:58:26 2026]Se termino de procesar el job numero 3 con exito
[Fri Jun 05 22:58:26 2026]Job numero: 36 encolado con exito
[Fri Jun 05 22:58:26 2026]Creado el job numero: 38 de categoria free
[Fri Jun 05 22:58:26 2026]Job numero: 37 encolado con exito
[Fri Jun 05 22:58:26 2026]Creado el job numero: 39 de categoria free
[Fri Jun 05 22:58:26 2026]Job numero: 38 encolado con exito
[Fri Jun 05 22:58:26 2026]Creado el job numero: 40 de categoria free
[Fri Jun 05 22:58:26 2026]Job numero: 39 encolado con exito
[Fri Jun 05 22:58:26 2026]Creado el job numero: 41 de categoria free
[Fri Jun 05 22:58:26 2026]Job premium numero 6 asignado a la vram con exito
[Fri Jun 05 22:58:26 2026]Job numero: 40 encolado con exito
[Fri Jun 05 22:58:26 2026]Creado el job numero: 42 de categoria free
[Fri Jun 05 22:58:26 2026]Job numero: 41 encolado con exito
[Fri Jun 05 22:58:26 2026]Creado el job numero: 43 de categoria free
[Fri Jun 05 22:58:26 2026]Se termino de procesar el job numero 4 con exito
[Fri Jun 05 22:58:26 2026]Job numero: 42 encolado con exito
[Fri Jun 05 22:58:26 2026]Creado el job numero: 44 de categoria free
[Fri Jun 05 22:58:26 2026]Job numero: 43 encolado con exito
[Fri Jun 05 22:58:26 2026]Creado el job numero: 45 de categoria free
[Fri Jun 05 22:58:26 2026]Job numero: 44 encolado con exito
[Fri Jun 05 22:58:26 2026]Creado el job numero: 46 de categoria free
[Fri Jun 05 22:58:26 2026]Job numero: 45 encolado con exito
[Fri Jun 05 22:58:26 2026]Creado el job numero: 47 de categoria free
[Fri Jun 05 22:58:26 2026]Job numero: 46 encolado con exito
[Fri Jun 05 22:58:26 2026]Creado el job numero: 48 de categoria free
[Fri Jun 05 22:58:26 2026]Job premium numero 7 asignado a la vram con exito
[Fri Jun 05 22:58:26 2026]Job numero: 47 encolado con exito
[Fri Jun 05 22:58:26 2026]Creado el job numero: 49 de categoria free
[Fri Jun 05 22:58:26 2026]Job numero: 48 encolado con exito
[Fri Jun 05 22:58:26 2026]Creado el job numero: 50 de categoria free
[Fri Jun 05 22:58:26 2026]Se termino de procesar el job numero 5 con exito
[Fri Jun 05 22:58:26 2026]Job numero: 49 encolado con exito
[Fri Jun 05 22:58:26 2026]Creado el job numero: 51 de categoria free
[Fri Jun 05 22:58:26 2026]Job numero: 50 encolado con exito
[Fri Jun 05 22:58:26 2026]Creado el job numero: 52 de categoria free
[Fri Jun 05 22:58:26 2026]Job numero: 51 encolado con exito
[Fri Jun 05 22:58:26 2026]Creado el job numero: 53 de categoria free
[Fri Jun 05 22:58:26 2026]Job numero: 52 encolado con exito
[Fri Jun 05 22:58:26 2026]Creado el job numero: 54 de categoria free
[Fri Jun 05 22:58:26 2026]Job free numero 10 asignado a la vram con exito
[Fri Jun 05 22:58:26 2026]Job numero: 53 encolado con exito
[Fri Jun 05 22:58:26 2026]Creado el job numero: 55 de categoria free
[Fri Jun 05 22:58:26 2026]Job numero: 54 encolado con exito
[Fri Jun 05 22:58:26 2026]Creado el job numero: 56 de categoria free
[Fri Jun 05 22:58:26 2026]Job numero: 55 encolado con exito
[Fri Jun 05 22:58:26 2026]Creado el job numero: 57 de categoria free
[Fri Jun 05 22:58:26 2026]Se termino de procesar el job numero 6 con exito
[Fri Jun 05 22:58:26 2026]Job numero: 56 encolado con exito
[Fri Jun 05 22:58:26 2026]Creado el job numero: 58 de categoria free
[Fri Jun 05 22:58:26 2026]Job numero: 57 encolado con exito
[Fri Jun 05 22:58:26 2026]Creado el job numero: 59 de categoria free
[Fri Jun 05 22:58:26 2026]Job numero: 58 encolado con exito
[Fri Jun 05 22:58:26 2026]Creado el job numero: 60 de categoria free
[Fri Jun 05 22:58:26 2026]Job numero: 59 encolado con exito
[Fri Jun 05 22:58:26 2026]Creado el job numero: 61 de categoria free
[Fri Jun 05 22:58:26 2026]Job premium numero 8 asignado a la vram con exito
[Fri Jun 05 22:58:26 2026]Job numero: 60 encolado con exito
[Fri Jun 05 22:58:26 2026]Creado el job numero: 62 de categoria free
[Fri Jun 05 22:58:26 2026]Job numero: 61 encolado con exito
[Fri Jun 05 22:58:26 2026]Creado el job numero: 63 de categoria free
[Fri Jun 05 22:58:26 2026]Job numero: 62 encolado con exito
[Fri Jun 05 22:58:26 2026]Creado el job numero: 64 de categoria free
[Fri Jun 05 22:58:26 2026]Job numero: 63 encolado con exito
[Fri Jun 05 22:58:26 2026]Creado el job numero: 65 de categoria free
[Fri Jun 05 22:58:26 2026]Job premium numero 9 asignado a la vram con exito
[Fri Jun 05 22:58:26 2026]Job numero: 64 encolado con exito
[Fri Jun 05 22:58:26 2026]Creado el job numero: 66 de categoria free
[Fri Jun 05 22:58:26 2026]Job numero: 65 encolado con exito
[Fri Jun 05 22:58:26 2026]Creado el job numero: 67 de categoria free
[Fri Jun 05 22:58:26 2026]Job numero: 66 encolado con exito
[Fri Jun 05 22:58:26 2026]Creado el job numero: 68 de categoria free
[Fri Jun 05 22:58:26 2026]Se termino de procesar el job numero 7 con exito
[Fri Jun 05 22:58:26 2026]Job numero: 67 encolado con exito
[Fri Jun 05 22:58:26 2026]Creado el job numero: 69 de categoria free
[Fri Jun 05 22:58:26 2026]Job numero: 68 encolado con exito
[Fri Jun 05 22:58:26 2026]Creado el job numero: 70 de categoria free
[Fri Jun 05 22:58:26 2026]Se termino de procesar el job numero 10 con exito
[Fri Jun 05 22:58:26 2026]Job numero: 69 encolado con exito
[Fri Jun 05 22:58:26 2026]Creado el job numero: 71 de categoria free
[Fri Jun 05 22:58:26 2026]Job numero: 70 encolado con exito
[Fri Jun 05 22:58:26 2026]Creado el job numero: 72 de categoria free
[Fri Jun 05 22:58:26 2026]Job numero: 71 encolado con exito
[Fri Jun 05 22:58:26 2026]Creado el job numero: 73 de categoria free
[Fri Jun 05 22:58:26 2026]Job numero: 72 encolado con exito
[Fri Jun 05 22:58:26 2026]Creado el job numero: 74 de categoria free
[Fri Jun 05 22:58:26 2026]Job free numero 11 asignado a la vram con exito
[Fri Jun 05 22:58:26 2026]Job numero: 73 encolado con exito
[Fri Jun 05 22:58:26 2026]Creado el job numero: 75 de categoria free
[Fri Jun 05 22:58:26 2026]Job numero: 74 encolado con exito
[Fri Jun 05 22:58:26 2026]Creado el job numero: 76 de categoria free
[Fri Jun 05 22:58:26 2026]Job numero: 75 encolado con exito
[Fri Jun 05 22:58:26 2026]Creado el job numero: 77 de categoria free
[Fri Jun 05 22:58:26 2026]Se termino de procesar el job numero 8 con exito
[Fri Jun 05 22:58:26 2026]Job numero: 76 encolado con exito
[Fri Jun 05 22:58:26 2026]Creado el job numero: 78 de categoria free
[Fri Jun 05 22:58:26 2026]Job numero: 77 encolado con exito
[Fri Jun 05 22:58:26 2026]Creado el job numero: 79 de categoria free
[Fri Jun 05 22:58:26 2026]Job numero: 78 encolado con exito
[Fri Jun 05 22:58:26 2026]Creado el job numero: 80 de categoria free
[Fri Jun 05 22:58:26 2026]Job numero: 79 encolado con exito
[Fri Jun 05 22:58:26 2026]Creado el job numero: 81 de categoria free
[Fri Jun 05 22:58:26 2026]Job free numero 12 asignado a la vram con exito
[Fri Jun 05 22:58:26 2026]Job numero: 80 encolado con exito
[Fri Jun 05 22:58:26 2026]Creado el job numero: 82 de categoria free
[Fri Jun 05 22:58:26 2026]Job numero: 81 encolado con exito
[Fri Jun 05 22:58:26 2026]Creado el job numero: 83 de categoria free
[Fri Jun 05 22:58:26 2026]Job numero: 82 encolado con exito
[Fri Jun 05 22:58:26 2026]Creado el job numero: 84 de categoria free
[Fri Jun 05 22:58:26 2026]Job numero: 83 encolado con exito
[Fri Jun 05 22:58:26 2026]Creado el job numero: 85 de categoria free
[Fri Jun 05 22:58:26 2026]Job free numero 13 asignado a la vram con exito
[Fri Jun 05 22:58:26 2026]Job numero: 84 encolado con exito
[Fri Jun 05 22:58:26 2026]Creado el job numero: 86 de categoria free
[Fri Jun 05 22:58:26 2026]Job numero: 85 encolado con exito
[Fri Jun 05 22:58:26 2026]Creado el job numero: 87 de categoria free
[Fri Jun 05 22:58:26 2026]Se termino de procesar el job numero 9 con exito
[Fri Jun 05 22:58:26 2026]Job numero: 86 encolado con exito
[Fri Jun 05 22:58:26 2026]Creado el job numero: 88 de categoria free
[Fri Jun 05 22:58:26 2026]Job numero: 87 encolado con exito
[Fri Jun 05 22:58:26 2026]Creado el job numero: 89 de categoria free
[Fri Jun 05 22:58:26 2026]Job numero: 88 encolado con exito
[Fri Jun 05 22:58:26 2026]Creado el job numero: 90 de categoria free
[Fri Jun 05 22:58:26 2026]Se termino de procesar el job numero 11 con exito
[Fri Jun 05 22:58:26 2026]Job numero: 89 encolado con exito
[Fri Jun 05 22:58:26 2026]Creado el job numero: 91 de categoria free
[Fri Jun 05 22:58:26 2026]Job numero: 90 encolado con exito
[Fri Jun 05 22:58:26 2026]Creado el job numero: 92 de categoria free
[Fri Jun 05 22:58:26 2026]Job numero: 91 encolado con exito
[Fri Jun 05 22:58:26 2026]Creado el job numero: 93 de categoria free
[Fri Jun 05 22:58:26 2026]Job numero: 92 encolado con exito
[Fri Jun 05 22:58:26 2026]Creado el job numero: 94 de categoria free
[Fri Jun 05 22:58:26 2026]Job free numero 14 asignado a la vram con exito
[Fri Jun 05 22:58:26 2026]Job numero: 93 encolado con exito
[Fri Jun 05 22:58:26 2026]Creado el job numero: 95 de categoria free
[Fri Jun 05 22:58:26 2026]Job numero: 94 encolado con exito
[Fri Jun 05 22:58:26 2026]Creado el job numero: 96 de categoria free
[Fri Jun 05 22:58:26 2026]Se termino de procesar el job numero 12 con exito
[Fri Jun 05 22:58:26 2026]Job numero: 95 encolado con exito
[Fri Jun 05 22:58:26 2026]Creado el job numero: 97 de categoria free
[Fri Jun 05 22:58:26 2026]Job numero: 96 encolado con exito
[Fri Jun 05 22:58:26 2026]Creado el job numero: 98 de categoria free
[Fri Jun 05 22:58:26 2026]Job numero: 97 encolado con exito
[Fri Jun 05 22:58:26 2026]Creado el job numero: 99 de categoria free
[Fri Jun 05 22:58:26 2026]Job numero: 98 encolado con exito
[Fri Jun 05 22:58:26 2026]Creado el job numero: 100 de categoria free
[Fri Jun 05 22:58:26 2026]Job numero: 99 encolado con exito
[Fri Jun 05 22:58:26 2026]Job free numero 15 asignado a la vram con exito
[Fri Jun 05 22:58:26 2026]Se termino de procesar el job numero 13 con exito
[Fri Jun 05 22:58:26 2026]Job free numero 16 asignado a la vram con exito
[Fri Jun 05 22:58:26 2026]Job free numero 17 asignado a la vram con exito
[Fri Jun 05 22:58:26 2026]Se termino de procesar el job numero 14 con exito
[Fri Jun 05 22:58:26 2026]Se termino de procesar el job numero 15 con exito
[Fri Jun 05 22:58:26 2026]Job free numero 18 asignado a la vram con exito
[Fri Jun 05 22:58:26 2026]Se termino de procesar el job numero 16 con exito
[Fri Jun 05 22:58:26 2026]Job free numero 19 asignado a la vram con exito
[Fri Jun 05 22:58:26 2026]Se termino de procesar el job numero 17 con exito
[Fri Jun 05 22:58:26 2026]Job free numero 20 asignado a la vram con exito
[Fri Jun 05 22:58:26 2026]Se termino de procesar el job numero 18 con exito
[Fri Jun 05 22:58:26 2026]Job free numero 21 asignado a la vram con exito
[Fri Jun 05 22:58:26 2026]Se termino de procesar el job numero 19 con exito
[Fri Jun 05 22:58:26 2026]Job free numero 22 asignado a la vram con exito
[Fri Jun 05 22:58:26 2026]Se termino de procesar el job numero 20 con exito
[Fri Jun 05 22:58:26 2026]Job free numero 23 asignado a la vram con exito
[Fri Jun 05 22:58:26 2026]Se termino de procesar el job numero 21 con exito
[Fri Jun 05 22:58:26 2026]Job free numero 24 asignado a la vram con exito
[Fri Jun 05 22:58:26 2026]Se termino de procesar el job numero 22 con exito
[Fri Jun 05 22:58:26 2026]Job free numero 25 asignado a la vram con exito
[Fri Jun 05 22:58:26 2026]Se termino de procesar el job numero 23 con exito
[Fri Jun 05 22:58:26 2026]Job free numero 26 asignado a la vram con exito
[Fri Jun 05 22:58:26 2026]Se termino de procesar el job numero 24 con exito
[Fri Jun 05 22:58:26 2026]Job free numero 27 asignado a la vram con exito
[Fri Jun 05 22:58:26 2026]Job free numero 28 asignado a la vram con exito
[Fri Jun 05 22:58:26 2026]Se termino de procesar el job numero 25 con exito
[Fri Jun 05 22:58:26 2026]Se termino de procesar el job numero 26 con exito
[Fri Jun 05 22:58:26 2026]Job free numero 29 asignado a la vram con exito
[Fri Jun 05 22:58:26 2026]Se termino de procesar el job numero 27 con exito
[Fri Jun 05 22:58:26 2026]Job free numero 30 asignado a la vram con exito
[Fri Jun 05 22:58:26 2026]Se termino de procesar el job numero 28 con exito
[Fri Jun 05 22:58:26 2026]Job free numero 31 asignado a la vram con exito
[Fri Jun 05 22:58:26 2026]Job free numero 32 asignado a la vram con exito
[Fri Jun 05 22:58:26 2026]Se termino de procesar el job numero 29 con exito
[Fri Jun 05 22:58:26 2026]Se termino de procesar el job numero 30 con exito
[Fri Jun 05 22:58:26 2026]Job free numero 33 asignado a la vram con exito
[Fri Jun 05 22:58:26 2026]Se termino de procesar el job numero 31 con exito
[Fri Jun 05 22:58:26 2026]Job free numero 34 asignado a la vram con exito
[Fri Jun 05 22:58:26 2026]Se termino de procesar el job numero 32 con exito
[Fri Jun 05 22:58:26 2026]Job free numero 35 asignado a la vram con exito
[Fri Jun 05 22:58:26 2026]Se termino de procesar el job numero 33 con exito
[Fri Jun 05 22:58:26 2026]Job free numero 36 asignado a la vram con exito
[Fri Jun 05 22:58:26 2026]Se termino de procesar el job numero 34 con exito
[Fri Jun 05 22:58:26 2026]Job free numero 37 asignado a la vram con exito
[Fri Jun 05 22:58:26 2026]Se termino de procesar el job numero 35 con exito
[Fri Jun 05 22:58:26 2026]Job free numero 38 asignado a la vram con exito
[Fri Jun 05 22:58:26 2026]Se termino de procesar el job numero 36 con exito
[Fri Jun 05 22:58:26 2026]Job free numero 39 asignado a la vram con exito
[Fri Jun 05 22:58:26 2026]Se termino de procesar el job numero 37 con exito
[Fri Jun 05 22:58:26 2026]Job free numero 40 asignado a la vram con exito
[Fri Jun 05 22:58:26 2026]Se termino de procesar el job numero 38 con exito
[Fri Jun 05 22:58:26 2026]Job free numero 41 asignado a la vram con exito
[Fri Jun 05 22:58:26 2026]Se termino de procesar el job numero 39 con exito
[Fri Jun 05 22:58:26 2026]Job free numero 42 asignado a la vram con exito
[Fri Jun 05 22:58:26 2026]Se termino de procesar el job numero 40 con exito
[Fri Jun 05 22:58:26 2026]Job free numero 43 asignado a la vram con exito
[Fri Jun 05 22:58:26 2026]Job free numero 44 asignado a la vram con exito
[Fri Jun 05 22:58:26 2026]Se termino de procesar el job numero 41 con exito
[Fri Jun 05 22:58:26 2026]Se termino de procesar el job numero 42 con exito
[Fri Jun 05 22:58:26 2026]Job free numero 45 asignado a la vram con exito
[Fri Jun 05 22:58:26 2026]Job free numero 46 asignado a la vram con exito
[Fri Jun 05 22:58:26 2026]Se termino de procesar el job numero 43 con exito
[Fri Jun 05 22:58:26 2026]Se termino de procesar el job numero 44 con exito
[Fri Jun 05 22:58:26 2026]Job free numero 47 asignado a la vram con exito
[Fri Jun 05 22:58:26 2026]Se termino de procesar el job numero 45 con exito
[Fri Jun 05 22:58:26 2026]Job free numero 48 asignado a la vram con exito
[Fri Jun 05 22:58:26 2026]Se termino de procesar el job numero 46 con exito
[Fri Jun 05 22:58:26 2026]Job free numero 49 asignado a la vram con exito
[Fri Jun 05 22:58:26 2026]Job free numero 50 asignado a la vram con exito
[Fri Jun 05 22:58:26 2026]Se termino de procesar el job numero 47 con exito
[Fri Jun 05 22:58:26 2026]Se termino de procesar el job numero 48 con exito
[Fri Jun 05 22:58:26 2026]Job free numero 51 asignado a la vram con exito
[Fri Jun 05 22:58:26 2026]Se termino de procesar el job numero 49 con exito
[Fri Jun 05 22:58:26 2026]Job free numero 52 asignado a la vram con exito
[Fri Jun 05 22:58:26 2026]Se termino de procesar el job numero 50 con exito
[Fri Jun 05 22:58:26 2026]Job free numero 53 asignado a la vram con exito
[Fri Jun 05 22:58:26 2026]Se termino de procesar el job numero 51 con exito
[Fri Jun 05 22:58:26 2026]Job free numero 54 asignado a la vram con exito
[Fri Jun 05 22:58:26 2026]Job free numero 55 asignado a la vram con exito
[Fri Jun 05 22:58:26 2026]Se termino de procesar el job numero 52 con exito
[Fri Jun 05 22:58:26 2026]Se termino de procesar el job numero 53 con exito
[Fri Jun 05 22:58:26 2026]Job free numero 56 asignado a la vram con exito
[Fri Jun 05 22:58:26 2026]Se termino de procesar el job numero 54 con exito
[Fri Jun 05 22:58:26 2026]Job free numero 57 asignado a la vram con exito
[Fri Jun 05 22:58:26 2026]Se termino de procesar el job numero 55 con exito
[Fri Jun 05 22:58:26 2026]Job free numero 58 asignado a la vram con exito
[Fri Jun 05 22:58:26 2026]Se termino de procesar el job numero 56 con exito
[Fri Jun 05 22:58:26 2026]Job free numero 59 asignado a la vram con exito
[Fri Jun 05 22:58:26 2026]Se termino de procesar el job numero 57 con exito
[Fri Jun 05 22:58:26 2026]Job free numero 60 asignado a la vram con exito
[Fri Jun 05 22:58:26 2026]Se termino de procesar el job numero 58 con exito
[Fri Jun 05 22:58:26 2026]Job free numero 61 asignado a la vram con exito
[Fri Jun 05 22:58:26 2026]Se termino de procesar el job numero 59 con exito
[Fri Jun 05 22:58:26 2026]Job free numero 62 asignado a la vram con exito
[Fri Jun 05 22:58:26 2026]Job free numero 63 asignado a la vram con exito
[Fri Jun 05 22:58:26 2026]Se termino de procesar el job numero 60 con exito
[Fri Jun 05 22:58:26 2026]Se termino de procesar el job numero 61 con exito
[Fri Jun 05 22:58:26 2026]Job free numero 64 asignado a la vram con exito
[Fri Jun 05 22:58:26 2026]Se termino de procesar el job numero 62 con exito
[Fri Jun 05 22:58:26 2026]Job free numero 65 asignado a la vram con exito
[Fri Jun 05 22:58:26 2026]Job free numero 66 asignado a la vram con exito
[Fri Jun 05 22:58:26 2026]Se termino de procesar el job numero 63 con exito
[Fri Jun 05 22:58:26 2026]Se termino de procesar el job numero 64 con exito
[Fri Jun 05 22:58:26 2026]Job free numero 67 asignado a la vram con exito
[Fri Jun 05 22:58:26 2026]Se termino de procesar el job numero 65 con exito
[Fri Jun 05 22:58:26 2026]Job free numero 68 asignado a la vram con exito
[Fri Jun 05 22:58:26 2026]Se termino de procesar el job numero 66 con exito
[Fri Jun 05 22:58:26 2026]Job free numero 69 asignado a la vram con exito
[Fri Jun 05 22:58:26 2026]Job free numero 70 asignado a la vram con exito
[Fri Jun 05 22:58:26 2026]Job free numero 71 asignado a la vram con exito
[Fri Jun 05 22:58:26 2026]Se termino de procesar el job numero 67 con exito
[Fri Jun 05 22:58:26 2026]Se termino de procesar el job numero 68 con exito
[Fri Jun 05 22:58:26 2026]Job free numero 72 asignado a la vram con exito
[Fri Jun 05 22:58:26 2026]Se termino de procesar el job numero 69 con exito
[Fri Jun 05 22:58:26 2026]Job free numero 73 asignado a la vram con exito
[Fri Jun 05 22:58:26 2026]Job free numero 74 asignado a la vram con exito
[Fri Jun 05 22:58:26 2026]Se termino de procesar el job numero 70 con exito
[Fri Jun 05 22:58:26 2026]Job free numero 75 asignado a la vram con exito
[Fri Jun 05 22:58:26 2026]Se termino de procesar el job numero 71 con exito
[Fri Jun 05 22:58:26 2026]Job free numero 76 asignado a la vram con exito
[Fri Jun 05 22:58:26 2026]Se termino de procesar el job numero 72 con exito
[Fri Jun 05 22:58:26 2026]Se termino de procesar el job numero 73 con exito
[Fri Jun 05 22:58:26 2026]Job free numero 77 asignado a la vram con exito
[Fri Jun 05 22:58:26 2026]Se termino de procesar el job numero 74 con exito
[Fri Jun 05 22:58:26 2026]Job free numero 78 asignado a la vram con exito
[Fri Jun 05 22:58:26 2026]Se termino de procesar el job numero 75 con exito
[Fri Jun 05 22:58:26 2026]Job free numero 79 asignado a la vram con exito
[Fri Jun 05 22:58:26 2026]Se termino de procesar el job numero 76 con exito
[Fri Jun 05 22:58:26 2026]Job free numero 80 asignado a la vram con exito
[Fri Jun 05 22:58:26 2026]Se termino de procesar el job numero 77 con exito
[Fri Jun 05 22:58:26 2026]Job free numero 81 asignado a la vram con exito
[Fri Jun 05 22:58:26 2026]Se termino de procesar el job numero 78 con exito
[Fri Jun 05 22:58:26 2026]Job free numero 82 asignado a la vram con exito
[Fri Jun 05 22:58:26 2026]Se termino de procesar el job numero 79 con exito
[Fri Jun 05 22:58:26 2026]Job free numero 83 asignado a la vram con exito
[Fri Jun 05 22:58:26 2026]Job free numero 84 asignado a la vram con exito
[Fri Jun 05 22:58:26 2026]Se termino de procesar el job numero 80 con exito
[Fri Jun 05 22:58:26 2026]Job free numero 85 asignado a la vram con exito
[Fri Jun 05 22:58:26 2026]Se termino de procesar el job numero 81 con exito
[Fri Jun 05 22:58:26 2026]Job free numero 86 asignado a la vram con exito
[Fri Jun 05 22:58:26 2026]Se termino de procesar el job numero 82 con exito
[Fri Jun 05 22:58:26 2026]Job free numero 87 asignado a la vram con exito
[Fri Jun 05 22:58:26 2026]Se termino de procesar el job numero 83 con exito
[Fri Jun 05 22:58:26 2026]Se termino de procesar el job numero 84 con exito
[Fri Jun 05 22:58:26 2026]Job free numero 88 asignado a la vram con exito
[Fri Jun 05 22:58:26 2026]Job free numero 89 asignado a la vram con exito
[Fri Jun 05 22:58:26 2026]Se termino de procesar el job numero 85 con exito
[Fri Jun 05 22:58:26 2026]Se termino de procesar el job numero 86 con exito
[Fri Jun 05 22:58:26 2026]Job free numero 90 asignado a la vram con exito
[Fri Jun 05 22:58:26 2026]Se termino de procesar el job numero 87 con exito
[Fri Jun 05 22:58:26 2026]Job free numero 91 asignado a la vram con exito
[Fri Jun 05 22:58:26 2026]Job free numero 92 asignado a la vram con exito
[Fri Jun 05 22:58:26 2026]Se termino de procesar el job numero 88 con exito
[Fri Jun 05 22:58:26 2026]Job free numero 93 asignado a la vram con exito
[Fri Jun 05 22:58:26 2026]Se termino de procesar el job numero 89 con exito
[Fri Jun 05 22:58:26 2026]Se termino de procesar el job numero 90 con exito
[Fri Jun 05 22:58:26 2026]Job free numero 94 asignado a la vram con exito
[Fri Jun 05 22:58:26 2026]Se termino de procesar el job numero 91 con exito
[Fri Jun 05 22:58:26 2026]Job free numero 95 asignado a la vram con exito
[Fri Jun 05 22:58:26 2026]Se termino de procesar el job numero 92 con exito
[Fri Jun 05 22:58:26 2026]Job free numero 96 asignado a la vram con exito
[Fri Jun 05 22:58:26 2026]Se termino de procesar el job numero 93 con exito
[Fri Jun 05 22:58:26 2026]Job free numero 97 asignado a la vram con exito
[Fri Jun 05 22:58:26 2026]Job free numero 98 asignado a la vram con exito
[Fri Jun 05 22:58:26 2026]Se termino de procesar el job numero 94 con exito
[Fri Jun 05 22:58:26 2026]Se termino de procesar el job numero 95 con exito
[Fri Jun 05 22:58:26 2026]Job free numero 99 asignado a la vram con exito
[Fri Jun 05 22:58:26 2026]Se termino de procesar el job numero 96 con exito
[Fri Jun 05 22:58:26 2026]Se termino de procesar el job numero 97 con exito
[Fri Jun 05 22:58:26 2026]Se termino de procesar el job numero 98 con exito
[Fri Jun 05 22:58:26 2026]Se termino de procesar el job numero 99 con exito
